// Jest Snapshot v1, https://goo.gl/fbAQLP

exports[`Search Should have a className search 1`] = `[Function]`;
