// Jest Snapshot v1, https://goo.gl/fbAQLP

exports[`SevenDay Should have a className SevenDay 1`] = `[Function]`;

exports[`SevenDay cleanData should map over sevenDayData 1`] = `[Function]`;

exports[`SevenDay sevenDayData should create 7 cards 1`] = `[Function]`;
