// Jest Snapshot v1, https://goo.gl/fbAQLP

exports[`Welcome Should have a className Welcome 1`] = `[Function]`;
